
> filemint@0.1.0 build
> next build --webpack

Γû▓ Next.js 16.1.1 (webpack)
- Environments: .env
- Experiments (use with caution):
  ┬╖ serverActions

node.exe : ΓÜá The 
"middleware" file 
convention is deprecated. 
Please use "proxy" instead. 
Learn more: https://nextjs.o
rg/docs/messages/middleware-
to-proxy
At line:1 char:1
+ & "C:\Program 
Files\nodejs/node.exe" "C:\U
sers\harsh\AppData\Roaming\ 
...
+ ~~~~~~~~~~~~~~~~~~~~~~~~~~
~~~~~~~~~~~~~~~~~~~~~~~~~~~~
~~~~~~~~~~~~~~~
    + CategoryInfo          
    : NotSpecified: (ΓÜá T  
  he "middle...leware-to-   
 proxy:String) [], Remot    
eException
    + FullyQualifiedErrorId 
    : NativeCommandError
 
  Creating an optimized production build ...
Failed to compile.

./src/app/mergepdf/page.tsx
Module parse failed: 
Identifier 'handleDownload' 
has already been declared 
(382:10)
File was processed with 
these loaders:
 * ./node_modules/next/dist/
build/webpack/loaders/next-f
light-client-module-loader.j
s
 * ./node_modules/next/dist/
build/webpack/loaders/next-s
wc-loader.js
You may need an additional 
loader to handle the result 
of these loaders.
|         }
|     };
>     const handleDownload 
= ()=>{
|         if 
(mergedFileBlob) {
|             const url = wi
ndow.URL.createObjectURL(mer
gedFileBlob);

Import trace for requested 
module:
./src/app/mergepdf/page.tsx


> Build failed because of 
webpack errors
