.next/dev/types/validator.ts(639,31): error TS2559: Type 'typeof import("C:/Users/harsh/OneDrive/Desktop/New folder (5)/Filemint/src/app/api/comparepdf/route")' has no properties in common with type 'RouteHandlerConfig<"/api/comparepdf">'.
.next/dev/types/validator.ts(648,31): error TS2344: Type 'typeof import("C:/Users/harsh/OneDrive/Desktop/New folder (5)/Filemint/src/app/api/compresspdf/route")' does not satisfy the constraint 'RouteHandlerConfig<"/api/compresspdf">'.
  The types returned by 'POST(...)' are incompatible between these types.
    Type 'Promise<unknown>' is not assignable to type 'void | Response | Promise<void | Response>'.
      Type 'Promise<unknown>' is not assignable to type 'Promise<void | Response>'.
        Type 'unknown' is not assignable to type 'void | Response'.
.next/types/app/api/comparepdf/route.ts(14,13): error TS2344: Type 'OmitWithTag<typeof import("C:/Users/harsh/OneDrive/Desktop/New folder (5)/Filemint/src/app/api/comparepdf/route"), "POST" | "PATCH" | "DELETE" | "PUT" | "config" | "generateStaticParams" | ... 10 more ... | "OPTIONS", "">' does not satisfy the constraint '{ [x: string]: never; }'.
  Property 'handler' is incompatible with index signature.
    Type '(req: NextApiRequest, res: NextApiResponse) => Promise<void>' is not assignable to type 'never'.
.next/types/app/api/compresspdf/route.ts(184,7): error TS2344: Type '{ __tag__: "POST"; __return_type__: Promise<unknown>; }' does not satisfy the constraint '{ __tag__: "POST"; __return_type__: void | Response | Promise<void | Response>; }'.
  Types of property '__return_type__' are incompatible.
    Type 'Promise<unknown>' is not assignable to type 'void | Response | Promise<void | Response>'.
      Type 'Promise<unknown>' is not assignable to type 'Promise<void | Response>'.
        Type 'unknown' is not assignable to type 'void | Response'.
.next/types/validator.ts(639,31): error TS2559: Type 'typeof import("C:/Users/harsh/OneDrive/Desktop/New folder (5)/Filemint/src/app/api/comparepdf/route")' has no properties in common with type 'RouteHandlerConfig<"/api/comparepdf">'.
.next/types/validator.ts(648,31): error TS2344: Type 'typeof import("C:/Users/harsh/OneDrive/Desktop/New folder (5)/Filemint/src/app/api/compresspdf/route")' does not satisfy the constraint 'RouteHandlerConfig<"/api/compresspdf">'.
  The types returned by 'POST(...)' are incompatible between these types.
    Type 'Promise<unknown>' is not assignable to type 'void | Response | Promise<void | Response>'.
      Type 'Promise<unknown>' is not assignable to type 'Promise<void | Response>'.
        Type 'unknown' is not assignable to type 'void | Response'.
src/app/admin/page.tsx(32,20): error TS2345: Argument of type 'any[]' is not assignable to parameter of type 'SetStateAction<never[]>'.
  Type 'any[]' is not assignable to type 'never[]'.
    Type 'any' is not assignable to type 'never'.
src/app/admin/page.tsx(60,29): error TS7006: Parameter 'id' implicitly has an 'any' type.
src/app/admin/page.tsx(61,36): error TS2339: Property '_id' does not exist on type 'never'.
src/app/admin/page.tsx(64,29): error TS2339: Property 'status' does not exist on type 'never'.
src/app/admin/page.tsx(74,18): error TS2345: Argument of type 'any[]' is not assignable to parameter of type 'SetStateAction<never[]>'.
  Type 'any[]' is not assignable to type 'never[]'.
    Type 'any' is not assignable to type 'never'.
src/app/admin/page.tsx(75,13): error TS2339: Property '_id' does not exist on type 'never'.
src/app/admin/page.tsx(75,28): error TS2698: Spread types may only be created from object types.
src/app/admin/page.tsx(87,17): error TS2339: Property 'ip' does not exist on type 'never'.
src/app/admin/page.tsx(87,35): error TS2339: Property 'ip' does not exist on type 'never'.
src/app/admin/page.tsx(95,17): error TS2339: Property 'toolName' does not exist on type 'never'.
src/app/admin/page.tsx(95,47): error TS2339: Property 'toolName' does not exist on type 'never'.
src/app/admin/page.tsx(104,40): error TS2339: Property 'timestamp' does not exist on type 'never'.
src/app/admin/page.tsx(104,59): error TS2339: Property 'createdAt' does not exist on type 'never'.
src/app/admin/page.tsx(111,13): error TS2339: Property 'element' does not exist on type 'never'.
src/app/admin/page.tsx(111,46): error TS2339: Property 'toolName' does not exist on type 'never'.
src/app/admin/page.tsx(115,64): error TS2339: Property 'category' does not exist on type 'never'.
src/app/admin/page.tsx(118,32): error TS2339: Property 'name' does not exist on type 'never'.
src/app/admin/page.tsx(119,64): error TS2339: Property 'category' does not exist on type 'never'.
src/app/admin/page.tsx(125,38): error TS2339: Property 'status' does not exist on type 'never'.
src/app/admin/page.tsx(126,41): error TS2339: Property 'status' does not exist on type 'never'.
src/app/admin/page.tsx(138,17): error TS7006: Parameter 'isDark' implicitly has an 'any' type.
src/app/admin/page.tsx(143,14): error TS7006: Parameter 'isDark' implicitly has an 'any' type.
src/app/admin/page.tsx(160,18): error TS7006: Parameter 'isDark' implicitly has an 'any' type.
src/app/admin/page.tsx(168,19): error TS7006: Parameter 'isDark' implicitly has an 'any' type.
src/app/admin/page.tsx(179,18): error TS7006: Parameter 'isDark' implicitly has an 'any' type.
src/app/admin/page.tsx(186,14): error TS7006: Parameter 'isDark' implicitly has an 'any' type.
src/app/admin/page.tsx(198,15): error TS7006: Parameter 'isDark' implicitly has an 'any' type.
src/app/admin/page.tsx(211,17): error TS7006: Parameter 'isDark' implicitly has an 'any' type.
src/app/admin/page.tsx(211,25): error TS7006: Parameter 'isActive' implicitly has an 'any' type.
src/app/admin/page.tsx(230,19): error TS7006: Parameter 'isDark' implicitly has an 'any' type.
src/app/admin/page.tsx(242,25): error TS7006: Parameter 'isDark' implicitly has an 'any' type.
src/app/admin/page.tsx(251,23): error TS7006: Parameter 'isDark' implicitly has an 'any' type.
src/app/admin/page.tsx(256,24): error TS7006: Parameter 'isDark' implicitly has an 'any' type.
src/app/admin/page.tsx(266,18): error TS7006: Parameter 'isDark' implicitly has an 'any' type.
src/app/admin/page.tsx(285,16): error TS7006: Parameter 'isDark' implicitly has an 'any' type.
src/app/admin/page.tsx(297,21): error TS7006: Parameter 'isDark' implicitly has an 'any' type.
src/app/admin/page.tsx(302,21): error TS7006: Parameter 'color' implicitly has an 'any' type.
src/app/admin/page.tsx(308,22): error TS7006: Parameter 'isDark' implicitly has an 'any' type.
src/app/admin/page.tsx(318,19): error TS7006: Parameter 'isDark' implicitly has an 'any' type.
src/app/admin/page.tsx(324,24): error TS7006: Parameter 'isDark' implicitly has an 'any' type.
src/app/admin/page.tsx(329,16): error TS7006: Parameter 'isDark' implicitly has an 'any' type.
src/app/admin/page.tsx(329,24): error TS7006: Parameter 'isLast' implicitly has an 'any' type.
src/app/admin/page.tsx(335,21): error TS7006: Parameter 'isDark' implicitly has an 'any' type.
src/app/admin/page.tsx(340,27): error TS7006: Parameter 'isDark' implicitly has an 'any' type.
src/app/admin/page.tsx(344,13): error TS7006: Parameter 'colors' implicitly has an 'any' type.
src/app/admin/page.tsx(362,19): error TS7006: Parameter 'isDark' implicitly has an 'any' type.
src/app/admin/page.tsx(379,19): error TS7006: Parameter 'isDark' implicitly has an 'any' type.
src/app/admin/page.tsx(387,22): error TS7006: Parameter 'isDark' implicitly has an 'any' type.
src/app/admin/page.tsx(398,17): error TS7006: Parameter 'isDark' implicitly has an 'any' type.
src/app/admin/page.tsx(401,23): error TS7006: Parameter 'isDark' implicitly has an 'any' type.
src/app/admin/page.tsx(410,17): error TS7006: Parameter 'isDark' implicitly has an 'any' type.
src/app/admin/page.tsx(413,16): error TS7006: Parameter 'isDark' implicitly has an 'any' type.
src/app/admin/page.tsx(413,24): error TS7006: Parameter 'index' implicitly has an 'any' type.
src/app/admin/page.tsx(417,17): error TS7006: Parameter 'isDark' implicitly has an 'any' type.
src/app/admin/page.tsx(426,20): error TS7006: Parameter 'isDark' implicitly has an 'any' type.
src/app/admin/page.tsx(426,28): error TS7006: Parameter 'isActive' implicitly has an 'any' type.
src/app/admin/page.tsx(438,26): error TS7006: Parameter 'isActive' implicitly has an 'any' type.
src/app/admin/page.tsx(447,21): error TS7006: Parameter 'isDark' implicitly has an 'any' type.
src/app/admin/page.tsx(468,14): error TS2322: Type '{ textAlign: string; padding: string; color: string; }' is not assignable to type 'Properties<string | number, string & {}>'.
  Types of property 'textAlign' are incompatible.
    Type 'string' is not assignable to type 'TextAlign | undefined'.
src/app/admin/page.tsx(475,15): error TS2322: Type '{ backgroundColor: string; borderColor: string; borderBottomWidth: string; padding: string; position: string; top: number; zIndex: number; display: string; alignItems: string; justifyContent: string; }' is not assignable to type 'Properties<string | number, string & {}>'.
  Types of property 'position' are incompatible.
    Type 'string' is not assignable to type 'Position | undefined'.
src/app/admin/page.tsx(510,18): error TS2322: Type '{ display: string; flexDirection: string; gap: string; }' is not assignable to type 'Properties<string | number, string & {}>'.
  Types of property 'flexDirection' are incompatible.
    Type 'string' is not assignable to type 'FlexDirection | undefined'.
src/app/admin/page.tsx(520,19): error TS2322: Type '{ width: string; display: string; alignItems: string; gap: string; padding: string; borderRadius: string; transition: string; border: string; cursor: string; textAlign: string; backgroundColor: string; color: string; fontWeight: string; }' is not assignable to type 'Properties<string | number, string & {}>'.
  Types of property 'textAlign' are incompatible.
    Type 'string' is not assignable to type 'TextAlign | undefined'.
src/app/admin/page.tsx(612,81): error TS2339: Property '_id' does not exist on type 'never'.
src/app/admin/page.tsx(613,87): error TS2339: Property 'count' does not exist on type 'never'.
src/app/admin/page.tsx(636,36): error TS2339: Property 'toolName' does not exist on type 'never'.
src/app/admin/page.tsx(639,36): error TS2339: Property 'element' does not exist on type 'never'.
src/app/admin/page.tsx(639,71): error TS2339: Property 'timestamp' does not exist on type 'never'.
src/app/admin/page.tsx(639,98): error TS2339: Property 'timestamp' does not exist on type 'never'.
src/app/admin/page.tsx(665,20): error TS2322: Type '{ marginBottom: string; display: string; gap: string; flexWrap: string; }' is not assignable to type 'Properties<string | number, string & {}>'.
  Types of property 'flexWrap' are incompatible.
    Type 'string' is not assignable to type 'FlexWrap | undefined'.
src/app/admin/page.tsx(666,22): error TS2322: Type '{ flex: string; position: string; }' is not assignable to type 'Properties<string | number, string & {}>'.
  Types of property 'position' are incompatible.
    Type 'string' is not assignable to type 'Position | undefined'.
src/app/admin/page.tsx(667,27): error TS2322: Type '{ position: string; left: string; top: string; transform: string; color: string; }' is not assignable to type 'Properties<string | number, string & {}>'.
  Types of property 'position' are incompatible.
    Type 'string' is not assignable to type 'Position | undefined'.
src/app/admin/page.tsx(673,21): error TS2322: Type '{ width: string; padding: string; borderRadius: string; borderWidth: string; backgroundColor: string; borderColor: string; color: string; boxSizing: string; }' is not assignable to type 'Properties<string | number, string & {}>'.
  Types of property 'boxSizing' are incompatible.
    Type 'string' is not assignable to type 'BoxSizing | undefined'.
src/app/admin/page.tsx(691,26): error TS2322: Type '{ width: string; borderCollapse: string; minWidth: string; }' is not assignable to type 'Properties<string | number, string & {}>'.
  Types of property 'borderCollapse' are incompatible.
    Type 'string' is not assignable to type 'BorderCollapse | undefined'.
src/app/admin/page.tsx(694,29): error TS2322: Type '{ padding: string; textAlign: string; fontSize: string; fontWeight: string; color: string; textTransform: string; letterSpacing: string; }' is not assignable to type 'Properties<string | number, string & {}>'.
  Types of property 'textAlign' are incompatible.
    Type 'string' is not assignable to type 'TextAlign | undefined'.
src/app/admin/page.tsx(695,29): error TS2322: Type '{ padding: string; textAlign: string; fontSize: string; fontWeight: string; color: string; textTransform: string; letterSpacing: string; }' is not assignable to type 'Properties<string | number, string & {}>'.
  Types of property 'textAlign' are incompatible.
    Type 'string' is not assignable to type 'TextAlign | undefined'.
src/app/admin/page.tsx(696,29): error TS2322: Type '{ padding: string; textAlign: string; fontSize: string; fontWeight: string; color: string; textTransform: string; letterSpacing: string; }' is not assignable to type 'Properties<string | number, string & {}>'.
  Types of property 'textAlign' are incompatible.
    Type 'string' is not assignable to type 'TextAlign | undefined'.
src/app/admin/page.tsx(697,29): error TS2322: Type '{ padding: string; textAlign: string; fontSize: string; fontWeight: string; color: string; textTransform: string; letterSpacing: string; }' is not assignable to type 'Properties<string | number, string & {}>'.
  Types of property 'textAlign' are incompatible.
    Type 'string' is not assignable to type 'TextAlign | undefined'.
src/app/admin/page.tsx(698,29): error TS2322: Type '{ padding: string; textAlign: string; fontSize: string; fontWeight: string; color: string; textTransform: string; letterSpacing: string; }' is not assignable to type 'Properties<string | number, string & {}>'.
  Types of property 'textAlign' are incompatible.
    Type 'string' is not assignable to type 'TextAlign | undefined'.
src/app/admin/page.tsx(703,39): error TS2339: Property '_id' does not exist on type 'never'.
src/app/admin/page.tsx(704,78): error TS2339: Property 'name' does not exist on type 'never'.
src/app/admin/page.tsx(705,72): error TS2339: Property 'category' does not exist on type 'never'.
src/app/admin/page.tsx(706,73): error TS2339: Property 'totalVisits' does not exist on type 'never'.
src/app/admin/page.tsx(707,73): error TS2339: Property 'totalUsers' does not exist on type 'never'.
src/app/admin/page.tsx(710,62): error TS2339: Property '_id' does not exist on type 'never'.
src/app/admin/page.tsx(711,31): error TS2322: Type '{ position: string; display: string; height: string; width: string; alignItems: string; borderRadius: string; transition: string; backgroundColor: string; border: string; cursor: string; }' is not assignable to type 'Properties<string | number, string & {}>'.
  Types of property 'position' are incompatible.
    Type 'string' is not assignable to type 'Position | undefined'.
src/app/admin/page.tsx(711,73): error TS2339: Property 'status' does not exist on type 'never'.
src/app/admin/page.tsx(713,75): error TS2339: Property 'status' does not exist on type 'never'.
src/app/admin/page.tsx(743,26): error TS2322: Type '{ width: string; borderCollapse: string; minWidth: string; }' is not assignable to type 'Properties<string | number, string & {}>'.
  Types of property 'borderCollapse' are incompatible.
    Type 'string' is not assignable to type 'BorderCollapse | undefined'.
src/app/admin/page.tsx(746,29): error TS2322: Type '{ padding: string; textAlign: string; fontSize: string; fontWeight: string; color: string; textTransform: string; letterSpacing: string; }' is not assignable to type 'Properties<string | number, string & {}>'.
  Types of property 'textAlign' are incompatible.
    Type 'string' is not assignable to type 'TextAlign | undefined'.
src/app/admin/page.tsx(747,29): error TS2322: Type '{ padding: string; textAlign: string; fontSize: string; fontWeight: string; color: string; textTransform: string; letterSpacing: string; }' is not assignable to type 'Properties<string | number, string & {}>'.
  Types of property 'textAlign' are incompatible.
    Type 'string' is not assignable to type 'TextAlign | undefined'.
src/app/admin/page.tsx(748,29): error TS2322: Type '{ padding: string; textAlign: string; fontSize: string; fontWeight: string; color: string; textTransform: string; letterSpacing: string; }' is not assignable to type 'Properties<string | number, string & {}>'.
  Types of property 'textAlign' are incompatible.
    Type 'string' is not assignable to type 'TextAlign | undefined'.
src/app/admin/page.tsx(749,29): error TS2322: Type '{ padding: string; textAlign: string; fontSize: string; fontWeight: string; color: string; textTransform: string; letterSpacing: string; }' is not assignable to type 'Properties<string | number, string & {}>'.
  Types of property 'textAlign' are incompatible.
    Type 'string' is not assignable to type 'TextAlign | undefined'.
src/app/admin/page.tsx(750,29): error TS2322: Type '{ padding: string; textAlign: string; fontSize: string; fontWeight: string; color: string; textTransform: string; letterSpacing: string; }' is not assignable to type 'Properties<string | number, string & {}>'.
  Types of property 'textAlign' are incompatible.
    Type 'string' is not assignable to type 'TextAlign | undefined'.
src/app/admin/page.tsx(755,40): error TS2339: Property '_id' does not exist on type 'never'.
src/app/admin/page.tsx(757,36): error TS2339: Property 'toolName' does not exist on type 'never'.
src/app/admin/page.tsx(757,54): error TS2339: Property 'tool' does not exist on type 'never'.
src/app/admin/page.tsx(760,36): error TS2339: Property 'element' does not exist on type 'never'.
src/app/admin/page.tsx(763,36): error TS2339: Property 'category' does not exist on type 'never'.
src/app/admin/page.tsx(766,36): error TS2339: Property 'page' does not exist on type 'never'.
src/app/admin/page.tsx(769,36): error TS2339: Property 'timestamp' does not exist on type 'never'.
src/app/admin/page.tsx(769,63): error TS2339: Property 'timestamp' does not exist on type 'never'.
src/app/all/page.tsx(303,33): error TS7006: Parameter 'tool' implicitly has an 'any' type.
src/app/all/page.tsx(303,39): error TS7006: Parameter 'category' implicitly has an 'any' type.
src/app/all/page.tsx(323,30): error TS7006: Parameter 'query' implicitly has an 'any' type.
src/app/all/page.tsx(493,43): error TS2339: Property 'isPremium' does not exist on type '{ title: string; description: string; route: string; image: string; color: string; }'.
src/app/api/auth/oauth-callback/route.ts(34,27): error TS18046: 'tokenData' is of type 'unknown'.
src/app/api/auth/oauth-callback/route.ts(41,15): error TS18046: 'userInfo' is of type 'unknown'.
src/app/api/auth/oauth-callback/route.ts(42,19): error TS18046: 'userInfo' is of type 'unknown'.
src/app/api/auth/oauth-callback/route.ts(42,42): error TS18046: 'userInfo' is of type 'unknown'.
src/app/api/auth/oauth-callback/route.ts(43,18): error TS18046: 'userInfo' is of type 'unknown'.
src/app/api/auth/oauth-callback/route.ts(43,42): error TS18046: 'userInfo' is of type 'unknown'.
src/app/api/auth/oauth-callback/route.ts(58,27): error TS18046: 'tokenData' is of type 'unknown'.
src/app/api/auth/oauth-callback/route.ts(65,26): error TS18046: 'userInfo' is of type 'unknown'.
src/app/api/auth/oauth-callback/route.ts(71,25): error TS18046: 'emails' is of type 'unknown'.
src/app/api/auth/oauth-callback/route.ts(71,63): error TS18046: 'emails' is of type 'unknown'.
src/app/api/auth/oauth-callback/route.ts(76,19): error TS18046: 'userInfo' is of type 'unknown'.
src/app/api/auth/oauth-callback/route.ts(76,51): error TS18046: 'userInfo' is of type 'unknown'.
src/app/api/auth/oauth-callback/route.ts(77,18): error TS18046: 'userInfo' is of type 'unknown'.
src/app/api/batch/wordtopdf/route.ts(7,22): error TS7016: Could not find a declaration file for module 'archiver'. 'C:/Users/harsh/OneDrive/Desktop/New folder (5)/Filemint/node_modules/archiver/index.js' implicitly has an 'any' type.
  Try `npm i --save-dev @types/archiver` if it exists or add a new declaration (.d.ts) file containing `declare module 'archiver';`
src/app/api/batch/wordtopdf/route.ts(105,29): error TS2345: Argument of type 'Buffer<ArrayBufferLike>' is not assignable to parameter of type 'BodyInit | null | undefined'.
  Type 'Buffer<ArrayBufferLike>' is missing the following properties from type 'URLSearchParams': size, append, delete, get, and 2 more.
src/app/api/comparepdf/route.ts(2,24): error TS7016: Could not find a declaration file for module 'formidable'. 'C:/Users/harsh/OneDrive/Desktop/New folder (5)/Filemint/node_modules/formidable/src/index.js' implicitly has an 'any' type.
  Try `npm i --save-dev @types/formidable` if it exists or add a new declaration (.d.ts) file containing `declare module 'formidable';`
src/app/api/comparepdf/route.ts(33,26): error TS7006: Parameter 'err' implicitly has an 'any' type.
src/app/api/comparepdf/route.ts(33,31): error TS7006: Parameter 'fields' implicitly has an 'any' type.
src/app/api/comparepdf/route.ts(33,39): error TS7006: Parameter 'files' implicitly has an 'any' type.
src/app/api/compresspdf/route.ts(1,36): error TS7016: Could not find a declaration file for module 'formidable'. 'C:/Users/harsh/OneDrive/Desktop/New folder (5)/Filemint/node_modules/formidable/src/index.js' implicitly has an 'any' type.
  Try `npm i --save-dev @types/formidable` if it exists or add a new declaration (.d.ts) file containing `declare module 'formidable';`
src/app/api/compresspdf/route.ts(51,41): error TS7006: Parameter 'err' implicitly has an 'any' type.
src/app/api/compresspdf/route.ts(51,46): error TS7006: Parameter 'fields' implicitly has an 'any' type.
src/app/api/compresspdf/route.ts(94,26): error TS2345: Argument of type 'Buffer<ArrayBufferLike>' is not assignable to parameter of type 'BodyInit | null | undefined'.
  Type 'Buffer<ArrayBufferLike>' is missing the following properties from type 'URLSearchParams': size, append, delete, get, and 2 more.
src/app/api/htmltopdf/route.ts(48,17): error TS18048: 'chromium' is possibly 'undefined'.
src/app/api/htmltopdf/route.ts(49,28): error TS18048: 'chromium' is possibly 'undefined'.
src/app/api/htmltopdf/route.ts(50,33): error TS18048: 'chromium' is possibly 'undefined'.
src/app/api/htmltopdf/route.ts(51,21): error TS18048: 'chromium' is possibly 'undefined'.
src/app/api/merge/route.ts(35,29): error TS2345: Argument of type 'Uint8Array<ArrayBufferLike>' is not assignable to parameter of type 'BodyInit | null | undefined'.
  Type 'Uint8Array<ArrayBufferLike>' is missing the following properties from type 'URLSearchParams': size, append, delete, get, and 2 more.
src/app/api/pdftoepub/route.ts(4,24): error TS2307: Cannot find module 'xmlbuilder2' or its corresponding type declarations.
src/app/api/pdftoepub/route.ts(142,29): error TS2345: Argument of type 'Buffer<ArrayBufferLike>' is not assignable to parameter of type 'BodyInit | null | undefined'.
  Type 'Buffer<ArrayBufferLike>' is missing the following properties from type 'URLSearchParams': size, append, delete, get, and 2 more.
src/app/api/pdftojpg/route.ts(58,29): error TS2345: Argument of type 'Buffer<ArrayBufferLike>' is not assignable to parameter of type 'BodyInit | null | undefined'.
  Type 'Buffer<ArrayBufferLike>' is missing the following properties from type 'URLSearchParams': size, append, delete, get, and 2 more.
src/app/api/pdftopng/route.ts(49,29): error TS2345: Argument of type 'Buffer<ArrayBufferLike>' is not assignable to parameter of type 'BodyInit | null | undefined'.
  Type 'Buffer<ArrayBufferLike>' is missing the following properties from type 'URLSearchParams': size, append, delete, get, and 2 more.
src/app/api/pdftoword/route.ts(112,29): error TS2345: Argument of type 'Buffer<ArrayBufferLike>' is not assignable to parameter of type 'BodyInit | null | undefined'.
  Type 'Buffer<ArrayBufferLike>' is missing the following properties from type 'URLSearchParams': size, append, delete, get, and 2 more.
src/app/api/upload-temp/route.ts(35,30): error TS2345: Argument of type 'Buffer<ArrayBuffer>' is not assignable to parameter of type 'BlobInput'.
  Type 'Buffer<ArrayBuffer>' is missing the following properties from type 'ArrayBuffer': maxByteLength, resizable, resize, detached, and 2 more.
src/app/api/wordtopdf/route.ts(60,29): error TS2345: Argument of type 'Uint8Array<ArrayBufferLike>' is not assignable to parameter of type 'BodyInit | null | undefined'.
  Type 'Uint8Array<ArrayBufferLike>' is missing the following properties from type 'URLSearchParams': size, append, delete, get, and 2 more.
src/app/comparepdf/page.tsx(704,9): error TS2322: Type '{ id: number; title: string; text: string; image: string; imagePosition: string; }[]' is not assignable to type 'Step[]'.
  Type '{ id: number; title: string; text: string; image: string; imagePosition: string; }' is not assignable to type 'Step'.
    Types of property 'imagePosition' are incompatible.
      Type 'string' is not assignable to type '"left" | "right"'.
src/app/components/BG.tsx(2,25): error TS7006: Parameter 'props' implicitly has an 'any' type.
src/app/components/Navbar.tsx(23,33): error TS7006: Parameter 'e' implicitly has an 'any' type.
src/app/components/Navbar.tsx(24,55): error TS2339: Property 'contains' does not exist on type 'never'.
src/app/components/Navbar.tsx(89,29): error TS2339: Property 'profileImage' does not exist on type 'User'.
src/app/components/Navbar.tsx(91,37): error TS2339: Property 'profileImage' does not exist on type 'User'.
src/app/components/Navbar.tsx(115,23): error TS2339: Property 'profileImage' does not exist on type 'User'.
src/app/components/Navbar.tsx(117,31): error TS2339: Property 'profileImage' does not exist on type 'User'.
src/app/compresspdf/page.tsx(657,9): error TS2322: Type '{ id: number; title: string; text: string; image: string; imagePosition: string; }[]' is not assignable to type 'Step[]'.
  Type '{ id: number; title: string; text: string; image: string; imagePosition: string; }' is not assignable to type 'Step'.
    Types of property 'imagePosition' are incompatible.
      Type 'string' is not assignable to type '"left" | "right"'.
src/app/deletepdfpages/page.tsx(1040,9): error TS2322: Type '{ id: number; title: string; text: string; image: string; imagePosition: string; }[]' is not assignable to type 'Step[]'.
  Type '{ id: number; title: string; text: string; image: string; imagePosition: string; }' is not assignable to type 'Step'.
    Types of property 'imagePosition' are incompatible.
      Type 'string' is not assignable to type '"left" | "right"'.
src/app/editpdf/page.tsx(1350,9): error TS2322: Type '{ id: number; title: string; text: string; image: string; imagePosition: string; }[]' is not assignable to type 'Step[]'.
  Type '{ id: number; title: string; text: string; image: string; imagePosition: string; }' is not assignable to type 'Step'.
    Types of property 'imagePosition' are incompatible.
      Type 'string' is not assignable to type '"left" | "right"'.
src/app/esignpdf/page.tsx(1281,9): error TS2322: Type '{ id: number; title: string; text: string; image: string; imagePosition: string; }[]' is not assignable to type 'Step[]'.
  Type '{ id: number; title: string; text: string; image: string; imagePosition: string; }' is not assignable to type 'Step'.
    Types of property 'imagePosition' are incompatible.
      Type 'string' is not assignable to type '"left" | "right"'.
src/app/exceltopdf/page.tsx(659,9): error TS2322: Type '{ id: number; title: string; text: string; image: string; imagePosition: string; }[]' is not assignable to type 'Step[]'.
  Type '{ id: number; title: string; text: string; image: string; imagePosition: string; }' is not assignable to type 'Step'.
    Types of property 'imagePosition' are incompatible.
      Type 'string' is not assignable to type '"left" | "right"'.
src/app/htmltopdf/page.tsx(657,9): error TS2322: Type '{ id: number; title: string; text: string; image: string; imagePosition: string; }[]' is not assignable to type 'Step[]'.
  Type '{ id: number; title: string; text: string; image: string; imagePosition: string; }' is not assignable to type 'Step'.
    Types of property 'imagePosition' are incompatible.
      Type 'string' is not assignable to type '"left" | "right"'.
src/app/jpgtopdf/page.tsx(774,9): error TS2322: Type '{ id: number; title: string; text: string; image: string; imagePosition: string; }[]' is not assignable to type 'Step[]'.
  Type '{ id: number; title: string; text: string; image: string; imagePosition: string; }' is not assignable to type 'Step'.
    Types of property 'imagePosition' are incompatible.
      Type 'string' is not assignable to type '"left" | "right"'.
src/app/mergepdf/page.tsx(778,9): error TS2322: Type '{ id: number; title: string; text: string; image: string; imagePosition: string; }[]' is not assignable to type 'Step[]'.
  Type '{ id: number; title: string; text: string; image: string; imagePosition: string; }' is not assignable to type 'Step'.
    Types of property 'imagePosition' are incompatible.
      Type 'string' is not assignable to type '"left" | "right"'.
src/app/ocr/page.tsx(721,9): error TS2322: Type '{ id: number; title: string; text: string; image: string; imagePosition: string; }[]' is not assignable to type 'Step[]'.
  Type '{ id: number; title: string; text: string; image: string; imagePosition: string; }' is not assignable to type 'Step'.
    Types of property 'imagePosition' are incompatible.
      Type 'string' is not assignable to type '"left" | "right"'.
src/app/pdftoepub/page.tsx(633,9): error TS2322: Type '{ id: number; title: string; text: string; image: string; imagePosition: string; }[]' is not assignable to type 'Step[]'.
  Type '{ id: number; title: string; text: string; image: string; imagePosition: string; }' is not assignable to type 'Step'.
    Types of property 'imagePosition' are incompatible.
      Type 'string' is not assignable to type '"left" | "right"'.
src/app/pdftoexcel/page.tsx(638,9): error TS2322: Type '{ id: number; title: string; text: string; image: string; imagePosition: string; }[]' is not assignable to type 'Step[]'.
  Type '{ id: number; title: string; text: string; image: string; imagePosition: string; }' is not assignable to type 'Step'.
    Types of property 'imagePosition' are incompatible.
      Type 'string' is not assignable to type '"left" | "right"'.
src/app/pdftohtml/page.tsx(706,9): error TS2322: Type '{ id: number; title: string; text: string; image: string; imagePosition: string; }[]' is not assignable to type 'Step[]'.
  Type '{ id: number; title: string; text: string; image: string; imagePosition: string; }' is not assignable to type 'Step'.
    Types of property 'imagePosition' are incompatible.
      Type 'string' is not assignable to type '"left" | "right"'.
src/app/pdftojpg/page.tsx(761,9): error TS2322: Type '{ id: number; title: string; text: string; image: string; imagePosition: string; }[]' is not assignable to type 'Step[]'.
  Type '{ id: number; title: string; text: string; image: string; imagePosition: string; }' is not assignable to type 'Step'.
    Types of property 'imagePosition' are incompatible.
      Type 'string' is not assignable to type '"left" | "right"'.
src/app/pdftomarkdown/page.tsx(633,9): error TS2322: Type '{ id: number; title: string; text: string; image: string; imagePosition: string; }[]' is not assignable to type 'Step[]'.
  Type '{ id: number; title: string; text: string; image: string; imagePosition: string; }' is not assignable to type 'Step'.
    Types of property 'imagePosition' are incompatible.
      Type 'string' is not assignable to type '"left" | "right"'.
src/app/pdftopng/page.tsx(786,9): error TS2322: Type '{ id: number; title: string; text: string; image: string; imagePosition: string; }[]' is not assignable to type 'Step[]'.
  Type '{ id: number; title: string; text: string; image: string; imagePosition: string; }' is not assignable to type 'Step'.
    Types of property 'imagePosition' are incompatible.
      Type 'string' is not assignable to type '"left" | "right"'.
src/app/pdftoppt/page.tsx(636,9): error TS2322: Type '{ id: number; title: string; text: string; image: string; imagePosition: string; }[]' is not assignable to type 'Step[]'.
  Type '{ id: number; title: string; text: string; image: string; imagePosition: string; }' is not assignable to type 'Step'.
    Types of property 'imagePosition' are incompatible.
      Type 'string' is not assignable to type '"left" | "right"'.
src/app/pdftotext/page.tsx(706,9): error TS2322: Type '{ id: number; title: string; text: string; image: string; imagePosition: string; }[]' is not assignable to type 'Step[]'.
  Type '{ id: number; title: string; text: string; image: string; imagePosition: string; }' is not assignable to type 'Step'.
    Types of property 'imagePosition' are incompatible.
      Type 'string' is not assignable to type '"left" | "right"'.
src/app/pdftoword/page.tsx(643,9): error TS2322: Type '{ id: number; title: string; text: string; image: string; imagePosition: string; }[]' is not assignable to type 'Step[]'.
  Type '{ id: number; title: string; text: string; image: string; imagePosition: string; }' is not assignable to type 'Step'.
    Types of property 'imagePosition' are incompatible.
      Type 'string' is not assignable to type '"left" | "right"'.
src/app/pdftoxml/page.tsx(636,9): error TS2322: Type '{ id: number; title: string; text: string; image: string; imagePosition: string; }[]' is not assignable to type 'Step[]'.
  Type '{ id: number; title: string; text: string; image: string; imagePosition: string; }' is not assignable to type 'Step'.
    Types of property 'imagePosition' are incompatible.
      Type 'string' is not assignable to type '"left" | "right"'.
src/app/pngtopdf/page.tsx(95,5): error TS2353: Object literal may only specify known properties, and 'multiple' does not exist in type 'UseGoogleDrivePickerProps'.
src/app/pngtopdf/page.tsx(103,5): error TS2353: Object literal may only specify known properties, and 'multiple' does not exist in type 'UseDropboxPickerProps'.
src/app/pngtopdf/page.tsx(654,9): error TS2322: Type '{ id: number; title: string; text: string; image: string; imagePosition: string; }[]' is not assignable to type 'Step[]'.
  Type '{ id: number; title: string; text: string; image: string; imagePosition: string; }' is not assignable to type 'Step'.
    Types of property 'imagePosition' are incompatible.
      Type 'string' is not assignable to type '"left" | "right"'.
src/app/ppttopdf/page.tsx(643,9): error TS2322: Type '{ id: number; title: string; text: string; image: string; imagePosition: string; }[]' is not assignable to type 'Step[]'.
  Type '{ id: number; title: string; text: string; image: string; imagePosition: string; }' is not assignable to type 'Step'.
    Types of property 'imagePosition' are incompatible.
      Type 'string' is not assignable to type '"left" | "right"'.
src/app/quiz/page.tsx(704,9): error TS2322: Type '{ id: number; title: string; text: string; image: string; imagePosition: string; }[]' is not assignable to type 'Step[]'.
  Type '{ id: number; title: string; text: string; image: string; imagePosition: string; }' is not assignable to type 'Step'.
    Types of property 'imagePosition' are incompatible.
      Type 'string' is not assignable to type '"left" | "right"'.
src/app/reorderpdf/page.tsx(1025,55): error TS2322: Type '{ id: number; title: string; text: string; image: string; imagePosition: string; }[]' is not assignable to type 'Step[]'.
  Type '{ id: number; title: string; text: string; image: string; imagePosition: string; }' is not assignable to type 'Step'.
    Types of property 'imagePosition' are incompatible.
      Type 'string' is not assignable to type '"left" | "right"'.
src/app/rotatepdf/page.tsx(70,30): error TS2322: Type 'Uint8Array<ArrayBufferLike>' is not assignable to type 'BlobPart'.
  Type 'Uint8Array<ArrayBufferLike>' is not assignable to type 'ArrayBufferView<ArrayBuffer>'.
    Types of property 'buffer' are incompatible.
      Type 'ArrayBufferLike' is not assignable to type 'ArrayBuffer'.
        Type 'SharedArrayBuffer' is missing the following properties from type 'ArrayBuffer': resizable, resize, detached, transfer, transferToFixedLength
src/app/rotatepdf/page.tsx(712,9): error TS2322: Type '{ id: number; title: string; text: string; image: string; imagePosition: string; }[]' is not assignable to type 'Step[]'.
  Type '{ id: number; title: string; text: string; image: string; imagePosition: string; }' is not assignable to type 'Step'.
    Types of property 'imagePosition' are incompatible.
      Type 'string' is not assignable to type '"left" | "right"'.
src/app/routes/mongo.ts(4,26): error TS7017: Element implicitly has an 'any' type because type 'typeof globalThis' has no index signature.
src/app/routes/mongo.ts(20,7): error TS2353: Object literal may only specify known properties, and 'useNewUrlParser' does not exist in type 'ConnectOptions'.
src/app/routes/mongo.ts(28,17): error TS7017: Element implicitly has an 'any' type because type 'typeof globalThis' has no index signature.
src/app/routes/mongo.ts(28,34): error TS7017: Element implicitly has an 'any' type because type 'typeof globalThis' has no index signature.
src/app/routes/mongo.ts(29,17): error TS7017: Element implicitly has an 'any' type because type 'typeof globalThis' has no index signature.
src/app/scantopdf/page.tsx(701,9): error TS2322: Type '{ id: number; title: string; text: string; image: string; imagePosition: string; }[]' is not assignable to type 'Step[]'.
  Type '{ id: number; title: string; text: string; image: string; imagePosition: string; }' is not assignable to type 'Step'.
    Types of property 'imagePosition' are incompatible.
      Type 'string' is not assignable to type '"left" | "right"'.
src/app/shared/[filename]/route.ts(94,36): error TS2339: Property 'mimeType' does not exist on type '{ etag: string | undefined; metadata: Metadata; }'.
src/app/shared/[filename]/route.ts(95,41): error TS2339: Property 'fileName' does not exist on type '{ etag: string | undefined; metadata: Metadata; }'.
src/app/shared/[filename]/route.ts(98,19): error TS2339: Property 'expiresAt' does not exist on type '{ etag: string | undefined; metadata: Metadata; }'.
src/app/shared/[filename]/route.ts(99,44): error TS2339: Property 'expiresAt' does not exist on type '{ etag: string | undefined; metadata: Metadata; }'.
src/app/splitpdf/page.tsx(1382,9): error TS2322: Type '{ id: number; title: string; text: string; image: string; imagePosition: string; }[]' is not assignable to type 'Step[]'.
  Type '{ id: number; title: string; text: string; image: string; imagePosition: string; }' is not assignable to type 'Step'.
    Types of property 'imagePosition' are incompatible.
      Type 'string' is not assignable to type '"left" | "right"'.
src/app/summarizer/page.tsx(726,9): error TS2322: Type '{ id: number; title: string; text: string; image: string; imagePosition: string; }[]' is not assignable to type 'Step[]'.
  Type '{ id: number; title: string; text: string; image: string; imagePosition: string; }' is not assignable to type 'Step'.
    Types of property 'imagePosition' are incompatible.
      Type 'string' is not assignable to type '"left" | "right"'.
src/app/tifftopdf/page.tsx(711,9): error TS2322: Type '{ id: number; title: string; text: string; image: string; imagePosition: string; }[]' is not assignable to type 'Step[]'.
  Type '{ id: number; title: string; text: string; image: string; imagePosition: string; }' is not assignable to type 'Step'.
    Types of property 'imagePosition' are incompatible.
      Type 'string' is not assignable to type '"left" | "right"'.
src/app/translate/page.tsx(802,9): error TS2322: Type '{ id: number; title: string; text: string; image: string; imagePosition: string; }[]' is not assignable to type 'Step[]'.
  Type '{ id: number; title: string; text: string; image: string; imagePosition: string; }' is not assignable to type 'Step'.
    Types of property 'imagePosition' are incompatible.
      Type 'string' is not assignable to type '"left" | "right"'.
src/app/watermark/page.tsx(206,30): error TS2322: Type 'Uint8Array<ArrayBufferLike>' is not assignable to type 'BlobPart'.
  Type 'Uint8Array<ArrayBufferLike>' is not assignable to type 'ArrayBufferView<ArrayBuffer>'.
    Types of property 'buffer' are incompatible.
      Type 'ArrayBufferLike' is not assignable to type 'ArrayBuffer'.
        Type 'SharedArrayBuffer' is missing the following properties from type 'ArrayBuffer': resizable, resize, detached, transfer, transferToFixedLength
src/app/watermark/page.tsx(890,9): error TS2322: Type '{ id: number; title: string; text: string; image: string; imagePosition: string; }[]' is not assignable to type 'Step[]'.
  Type '{ id: number; title: string; text: string; image: string; imagePosition: string; }' is not assignable to type 'Step'.
    Types of property 'imagePosition' are incompatible.
      Type 'string' is not assignable to type '"left" | "right"'.
src/app/wordtopdf/page.tsx(657,9): error TS2322: Type '{ id: number; title: string; text: string; image: string; imagePosition: string; }[]' is not assignable to type 'Step[]'.
  Type '{ id: number; title: string; text: string; image: string; imagePosition: string; }' is not assignable to type 'Step'.
    Types of property 'imagePosition' are incompatible.
      Type 'string' is not assignable to type '"left" | "right"'.
